+ mkdir part-A
+ ~~~~~~~~~~~~
    + CategoryInfo          : ResourceExists: (C:\Users\Madhu
   r...gnment2A\part-A:String) [New-Item], IOException
    + FullyQualifiedErrorId : DirectoryExist,Microsoft.PowerS
   hell.Commands.NewItemCommand

PS C:\Users\Madhuri Wavhal\Desktop\wad\assignment2A> cd part-A
PS C:\Users\Madhuri Wavhal\Desktop\wad\assignment2A\part-A> git --version

git version 2.40.1.windows.1
PS C:\Users\Madhuri Wavhal\Desktop\wad\assignment2A\part-A>


                                                            git init     
Reinitialized existing Git repository in C:/Users/Madhuri Wavhal/Desktop/wad/assignment2A/part-A/.git/
PS C:\Users\Madhuri Wavhal\Desktop\wad\assignment2A\part-A> git add .
PS C:\Users\Madhuri Wavhal\Desktop\wad\assignment2A\part-A> git status
On branch master
Changes to be committed:
  (use "git restore --staged <file>..." to unstage)
        new file:   file1.txt
        deleted:    file1.txt.txt

PS C:\Users\Madhuri Wavhal\Desktop\wad\assignment2A\part-A> git remote add origin "https://github.com/MadhuriWavhal/wad.git"
error: remote origin already exists.
PS C:\Users\Madhuri Wavhal\Desktop\wad\assignment2A\part-A> git commit -m "First commit"
[master c36a1e8] First commit
 2 files changed, 5 insertions(+)
 create mode 100644 file1.txt
 delete mode 100644 file1.txt.txt
PS C:\Users\Madhuri Wavhal\Desktop\wad\assignment2A\part-A> git status   
On branch master
nothing to commit, working tree clean
PS C:\Users\Madhuri Wavhal\Desktop\wad\assignment2A\part-A> git push -u origin master
info: please complete authentication in your browser...
Enumerating objects: 6, done.
Counting objects: 100% (6/6), done.
Delta compression using up to 8 threads
Compressing objects: 100% (3/3), done.
Writing objects: 100% (6/6), 518 bytes | 172.00 KiB/s, done.
Total 6 (delta 0), reused 0 (delta 0), pack-reused 0
To https://github.com/MadhuriWavhal/wad.git
 * [new branch]      master -> master
branch 'master' set up to track 'origin/master'.
PS C:\Users\Madhuri Wavhal\Desktop\wad\assignment2A\part-A> git status
On branch master
Your branch is up to date with 'origin/master'.

Untracked files:
  (use "git add <file>..." to include in what will be committed)
        file2.txt

nothing added to commit but untracked files present (use "git add" to track)
PS C:\Users\Madhuri Wavhal\Desktop\wad\assignment2A\part-A> git add .
PS C:\Users\Madhuri Wavhal\Desktop\wad\assignment2A\part-A> git status
        new file:   file2.txt

PS C:\Users\Madhuri Wavhal\Desktop\wad\assignment2A\part-A> git commit -m "second commit"
[master 097303e] second commit
 1 file changed, 5 insertions(+)
 create mode 100644 file2.txt
PS C:\Users\Madhuri Wavhal\Desktop\wad\assignment2A\part-A> git push -u origin master
Enumerating objects: 4, done.
Counting objects: 100% (4/4), done.
Delta compression using up to 8 threads
Compressing objects: 100% (3/3), done.
Writing objects: 100% (3/3), 359 bytes | 359.00 KiB/s, done.
Total 3 (delta 0), reused 0 (delta 0), pack-reused 0
To https://github.com/MadhuriWavhal/wad.git
   c36a1e8..097303e  master -> master
branch 'master' set up to track 'origin/master'.
PS C:\Users\Madhuri Wavhal\Desktop\wad\assignment2A\part-A>